======================================================================
FAIL: test_global_aviation_shipping_and_hypothetical_planning_are_preserved (test_production_defaults.ProductionDefaults.test_global_aviation_shipping_and_hypothetical_planning_are_preserved) (topic='서울에서 도쿄를 거쳐 타이베이로 이동하는 민간 항공 연결')
----------------------------------------------------------------------
Traceback (most recent call last):
  File "/workspace/yeonhwarok-free/world-simulation-shorts-engine/tests/test_production_defaults.py", line 167, in test_global_aviation_shipping_and_hypothetical_planning_are_preserved
    self.assertEqual(plan['options']['pace'],'FAST')
AssertionError: 'FAST_PLUS' != 'FAST'
- FAST_PLUS
+ FAST


======================================================================
FAIL: test_global_aviation_shipping_and_hypothetical_planning_are_preserved (test_production_defaults.ProductionDefaults.test_global_aviation_shipping_and_hypothetical_planning_are_preserved) (topic='수에즈 운하가 7일 동안 막힌다면?')
----------------------------------------------------------------------
Traceback (most recent call last):
  File "/workspace/yeonhwarok-free/world-simulation-shorts-engine/tests/test_production_defaults.py", line 167, in test_global_aviation_shipping_and_hypothetical_planning_are_preserved
    self.assertEqual(plan['options']['pace'],'FAST')
AssertionError: 'FAST_PLUS' != 'FAST'
- FAST_PLUS
+ FAST


======================================================================
FAIL: test_global_aviation_shipping_and_hypothetical_planning_are_preserved (test_production_defaults.ProductionDefaults.test_global_aviation_shipping_and_hypothetical_planning_are_preserved) (topic='만약 런던과 파리의 직접 연결이 달라진다면?')
----------------------------------------------------------------------
Traceback (most recent call last):
  File "/workspace/yeonhwarok-free/world-simulation-shorts-engine/tests/test_production_defaults.py", line 167, in test_global_aviation_shipping_and_hypothetical_planning_are_preserved
    self.assertEqual(plan['options']['pace'],'FAST')
AssertionError: 'FAST_PLUS' != 'FAST'
- FAST_PLUS
+ FAST


----------------------------------------------------------------------
Ran 419 tests in 569.851s

FAILED (failures=3)
